CMD=uname -r RC=0
DONE_uname_r.txt
CMD=uname -m RC=0
DONE_uname_m.txt
CMD=cat /etc/os-release RC=0
DONE_os_release.txt
CMD=rpm -q glibc RC=0
DONE_glibc.txt
CMD=cat /proc/meminfo RC=0
DONE_meminfo_gate.txt
CMD=dmesg RC=0
DONE_dmesg_before.txt
CMD=cat /sys/block/zram0/mm_stat RC=0
DONE_zram_before.txt
DONE_GDB RC=0
CMD=python3 -c import sys,xml.etree.ElementTree as E; assert E.parse(sys.argv[1]).getroot().tag == "malloc"; print("VALID_MALLOC_XML") /opt/usr/glibc_memopt/system_level_before_after_20260908/G4_trim_r2/malloc_info_pre.xml RC=0
DONE_m7_xml_check.txt
RC=0
DONE_CAPTURE_POINT
DONE_GDB RC=0
RC=0
DONE_CAPTURE_POINT
CMD=cat /proc/498/stat RC=0
DONE_idle_stat_start.txt
CMD=cat /proc/498/stat RC=0
DONE_idle_stat_end.txt
CMD=dmesg RC=0
DONE_dmesg_after.txt
CMD=cat /sys/block/zram0/mm_stat RC=0
DONE_zram_after.txt
RC=0
DONE_CELL_G4_trim_r2
